// Jest Snapshot v1, https://goo.gl/fbAQLP

exports[`Header component tests should match snapshot 1`] = `
<v-container-stub
  tag="div"
>
  <v-row-stub
    class="-centtexter"
    tag="div"
  >
    <v-col-stub
      class="mb-4"
      tag="div"
    >
      <h1
        class="title-todo"
      >
        
        todos
      
      </h1>
    </v-col-stub>
  </v-row-stub>
</v-container-stub>
`;
