// Jest Snapshot v1, https://goo.gl/fbAQLP

exports[`TodoInput component tests should match snapshot 1`] = `
<v-text-field-stub
  backgroundcolor=""
  class="todo-input"
  clearable="true"
  clearicon="$clear"
  errorcount="1"
  errormessages=""
  loaderheight="2"
  messages=""
  placeholder="what needs to be done?"
  rules=""
  successmessages=""
  type="text"
  value=""
>
  <!---->
</v-text-field-stub>
`;
